============================= test session starts =============================
platform win32 -- Python 3.10.4, pytest-8.1.1, pluggy-1.4.0
rootdir: C:\Users\mpete\Documents\CSCI-4322-Modern-Software\app
plugins: anyio-4.3.0
collected 9 items

test_pyTests.py .........                                                [100%]

============================== 9 passed in 0.82s ==============================
